// Jest Snapshot v1, https://goo.gl/fbAQLP

exports[`Todo snapshot test 1`] = `
<DocumentFragment>
  <li
    class="Todo"
  >
    <p />
    <button>
      X
    </button>
  </li>
</DocumentFragment>
`;

exports[`matches snapshot 1`] = `
<DocumentFragment>
  <form>
    <h3>
      More Todo
    </h3>
    <label
      for="task"
    >
      Todo
    </label>
    <input
      id="task"
      name="task"
      placeholder="task"
      type="text"
      value=""
    />
    <button>
      Add Todo
    </button>
  </form>
  <ul
    class="TodoList"
  />
</DocumentFragment>
`;
